kotlin version: 2.0.0
error message: java.lang.NoSuchMethodError: 'kotlin.KotlinVersion com.google.devtools.ksp.processing.SymbolProcessorEnvironment.getKspVersion()'
	at dagger.spi.internal.shaded.androidx.room.compiler.processing.ksp.KspStarTypeArgumentType.<init>(KspStarTypeArgumentType.kt:43)
	at dagger.spi.internal.shaded.androidx.room.compiler.processing.ksp.KspStarTypeArgumentType.<init>(KspStarTypeArgumentType.kt:28)
	at dagger.spi.internal.shaded.androidx.room.compiler.processing.ksp.KspProcessingEnv.wrap(KspProcessingEnv.kt:281)
	at dagger.spi.internal.shaded.androidx.room.compiler.processing.ksp.KspType$typeArguments$2.invoke(KspType.kt:198)
	at dagger.spi.internal.shaded.androidx.room.compiler.processing.ksp.KspType$typeArguments$2.invoke(KspType.kt:194)
	at kotlin.SynchronizedLazyImpl.getValue(LazyJVM.kt:74)
	at dagger.spi.internal.shaded.androidx.room.compiler.processing.ksp.KspType.getTypeArguments(KspType.kt:194)
	at dagger.internal.codegen.xprocessing.XProcessingEnvs.getUnboundedWildcardType(XProcessingEnvs.java:97)
	at dagger.internal.codegen.binding.BindsTypeChecker.unboundedWildcard(BindsTypeChecker.java:111)
	at dagger.internal.codegen.binding.BindsTypeChecker.desiredAssignableType(BindsTypeChecker.java:83)
	at dagger.internal.codegen.binding.BindsTypeChecker.isAssignable(BindsTypeChecker.java:66)
	at dagger.internal.codegen.validation.BindsMethodValidator$Validator.checkParameter(BindsMethodValidator.java:100)
	at dagger.internal.codegen.validation.BindingMethodValidator$MethodValidator.checkParameters(BindingMethodValidator.java:224)
	at dagger.internal.codegen.validation.BindsMethodValidator$Validator.checkParameters(BindsMethodValidator.java:85)
	at dagger.internal.codegen.validation.BindingMethodValidator$MethodValidator.checkAdditionalProperties(BindingMethodValidator.java:149)
	at dagger.internal.codegen.validation.BindingElementValidator$ElementValidator.validate(BindingElementValidator.java:149)
	at dagger.internal.codegen.validation.BindingElementValidator$ElementValidator.access$000(BindingElementValidator.java:131)
	at dagger.internal.codegen.validation.BindingElementValidator.validateUncached(BindingElementValidator.java:80)
	at dagger.internal.codegen.base.Util.reentrantComputeIfAbsent(Util.java:33)
	at dagger.internal.codegen.validation.BindingElementValidator.validate(BindingElementValidator.java:76)
	at dagger.internal.codegen.validation.AnyBindingMethodValidator.validateUncached(AnyBindingMethodValidator.java:102)
	at dagger.internal.codegen.base.Util.reentrantComputeIfAbsent(Util.java:33)
	at dagger.internal.codegen.validation.AnyBindingMethodValidator.validate(AnyBindingMethodValidator.java:80)
	at dagger.internal.codegen.validation.ModuleValidator.validateUncached(ModuleValidator.java:174)
	at dagger.internal.codegen.validation.ModuleValidator.lambda$validate$0(ModuleValidator.java:162)
	at dagger.internal.codegen.base.Util.reentrantComputeIfAbsent(Util.java:33)
	at dagger.internal.codegen.validation.ModuleValidator.validate(ModuleValidator.java:162)
	at dagger.internal.codegen.validation.ModuleValidator.validate(ModuleValidator.java:157)
	at dagger.internal.codegen.processingstep.ModuleProcessingStep.process(ModuleProcessingStep.java:110)
	at dagger.internal.codegen.processingstep.ModuleProcessingStep.process(ModuleProcessingStep.java:49)
	at dagger.internal.codegen.processingstep.TypeCheckingProcessingStep.lambda$process$0(TypeCheckingProcessingStep.java:94)
	at com.google.common.collect.RegularImmutableMap.forEach(RegularImmutableMap.java:300)
	at dagger.internal.codegen.processingstep.TypeCheckingProcessingStep.process(TypeCheckingProcessingStep.java:72)
	at dagger.internal.codegen.processingstep.ModuleProcessingStep.process(ModuleProcessingStep.java:94)
	at dagger.internal.codegen.processingstep.ModuleProcessingStep.process(ModuleProcessingStep.java:49)
	at dagger.spi.internal.shaded.androidx.room.compiler.processing.XProcessingStep.process(XProcessingStep.kt:57)
	at dagger.spi.internal.shaded.androidx.room.compiler.processing.CommonProcessorDelegate.processRound(XBasicAnnotationProcessor.kt:134)
	at dagger.spi.internal.shaded.androidx.room.compiler.processing.ksp.KspBasicAnnotationProcessor.process(KspBasicAnnotationProcessor.kt:62)
	at com.google.devtools.ksp.AbstractKotlinSymbolProcessingExtension$doAnalysis$8$1.invoke(KotlinSymbolProcessingExtension.kt:306)
	at com.google.devtools.ksp.AbstractKotlinSymbolProcessingExtension$doAnalysis$8$1.invoke(KotlinSymbolProcessingExtension.kt:304)
	at com.google.devtools.ksp.AbstractKotlinSymbolProcessingExtension.handleException(KotlinSymbolProcessingExtension.kt:410)
	at com.google.devtools.ksp.AbstractKotlinSymbolProcessingExtension.doAnalysis(KotlinSymbolProcessingExtension.kt:304)
	at org.jetbrains.kotlin.cli.jvm.compiler.TopDownAnalyzerFacadeForJVM.analyzeFilesWithJavaIntegration(TopDownAnalyzerFacadeForJVM.kt:112)
	at org.jetbrains.kotlin.cli.jvm.compiler.TopDownAnalyzerFacadeForJVM.analyzeFilesWithJavaIntegration$default(TopDownAnalyzerFacadeForJVM.kt:75)
	at org.jetbrains.kotlin.cli.jvm.compiler.KotlinToJVMBytecodeCompiler.analyze$lambda$12(KotlinToJVMBytecodeCompiler.kt:373)
	at org.jetbrains.kotlin.cli.common.messages.AnalyzerWithCompilerReport.analyzeAndReport(AnalyzerWithCompilerReport.kt:115)
	at org.jetbrains.kotlin.cli.jvm.compiler.KotlinToJVMBytecodeCompiler.analyze(KotlinToJVMBytecodeCompiler.kt:364)
	at org.jetbrains.kotlin.cli.jvm.compiler.KotlinToJVMBytecodeCompiler.repeatAnalysisIfNeeded(KotlinToJVMBytecodeCompiler.kt:282)
	at org.jetbrains.kotlin.cli.jvm.compiler.KotlinToJVMBytecodeCompiler.runFrontendAndGenerateIrUsingClassicFrontend(KotlinToJVMBytecodeCompiler.kt:195)
	at org.jetbrains.kotlin.cli.jvm.compiler.KotlinToJVMBytecodeCompiler.compileModules$cli(KotlinToJVMBytecodeCompiler.kt:106)
	at org.jetbrains.kotlin.cli.jvm.K2JVMCompiler.doExecute(K2JVMCompiler.kt:176)
	at org.jetbrains.kotlin.cli.jvm.K2JVMCompiler.doExecute(K2JVMCompiler.kt:50)
	at org.jetbrains.kotlin.cli.common.CLICompiler.execImpl(CLICompiler.kt:104)
	at org.jetbrains.kotlin.cli.common.CLICompiler.execImpl(CLICompiler.kt:48)
	at org.jetbrains.kotlin.cli.common.CLITool.exec(CLITool.kt:101)
	at org.jetbrains.kotlin.daemon.CompileServiceImpl.compile(CompileServiceImpl.kt:1556)
	at java.base/jdk.internal.reflect.DirectMethodHandleAccessor.invoke(Unknown Source)
	at java.base/java.lang.reflect.Method.invoke(Unknown Source)
	at java.rmi/sun.rmi.server.UnicastServerRef.dispatch(Unknown Source)
	at java.rmi/sun.rmi.transport.Transport$1.run(Unknown Source)
	at java.rmi/sun.rmi.transport.Transport$1.run(Unknown Source)
	at java.base/java.security.AccessController.doPrivileged(Unknown Source)
	at java.rmi/sun.rmi.transport.Transport.serviceCall(Unknown Source)
	at java.rmi/sun.rmi.transport.tcp.TCPTransport.handleMessages(Unknown Source)
	at java.rmi/sun.rmi.transport.tcp.TCPTransport$ConnectionHandler.run0(Unknown Source)
	at java.rmi/sun.rmi.transport.tcp.TCPTransport$ConnectionHandler.lambda$run$0(Unknown Source)
	at java.base/java.security.AccessController.doPrivileged(Unknown Source)
	at java.rmi/sun.rmi.transport.tcp.TCPTransport$ConnectionHandler.run(Unknown Source)
	at java.base/java.util.concurrent.ThreadPoolExecutor.runWorker(Unknown Source)
	at java.base/java.util.concurrent.ThreadPoolExecutor$Worker.run(Unknown Source)
	at java.base/java.lang.Thread.run(Unknown Source)


